ERC report (2026-03-16T10:20:14-0700, Encoding UTF8)

***** Sheet /
[lib_symbol_issues]: The current configuration does not include the symbol library 'USB-C_SMD-TYPE-C-31-M-12'
    ; warning
    @(1500 mils, 2000 mils): Symbol J7 [TYPE-C-31-M-12]
[lib_symbol_issues]: The current configuration does not include the symbol library 'BQ24195RGET'
    ; warning
    @(5000 mils, 2500 mils): Symbol U5 [BQ24195RGET]

***** Sheet /LED Controller/

***** Sheet /Power Management/
[pin_to_pin]: Pins of type Unspecified and Passive are connected
    ; warning
    @(7900 mils, 1650 mils): Symbol U6 Pin 2 [EN, Unspecified, Line]
    @(7500 mils, 1650 mils): Symbol L2 Pin 2 [2, Passive, Line]
[pin_to_pin]: Pins of type Unspecified and Passive are connected
    ; warning
    @(7900 mils, 1750 mils): Symbol U6 Pin 3 [FSW, Unspecified, Line]
    @(9500 mils, 2550 mils): Symbol R41 Pin 1 [Passive, Line]
[pin_to_pin]: Pins of type Unspecified and Unspecified are connected
    ; warning
    @(7900 mils, 1850 mils): Symbol U6 Pin 4 [SW, Unspecified, Line]
    @(7900 mils, 1950 mils): Symbol U6 Pin 5 [SW, Unspecified, Line]
[pin_to_pin]: Pins of type Unspecified and Unspecified are connected
    ; warning
    @(7900 mils, 1950 mils): Symbol U6 Pin 5 [SW, Unspecified, Line]
    @(7900 mils, 2050 mils): Symbol U6 Pin 6 [SW, Unspecified, Line]
[pin_to_pin]: Pins of type Unspecified and Passive are connected
    ; warning
    @(5100 mils, 6350 mils): Symbol U7 Pin 1 [IN+, Unspecified, Line]
    @(4500 mils, 6350 mils): Symbol R44 Pin 1 [Passive, Line]
[pin_to_pin]: Pins of type Unspecified and Unspecified are connected
    ; warning
    @(7900 mils, 2050 mils): Symbol U6 Pin 6 [SW, Unspecified, Line]
    @(7900 mils, 2150 mils): Symbol U6 Pin 7 [SW, Unspecified, Line]
[pin_to_pin]: Pins of type Unspecified and Passive are connected
    ; warning
    @(7900 mils, 2150 mils): Symbol U6 Pin 7 [SW, Unspecified, Line]
    @(7500 mils, 1350 mils): Symbol L2 Pin 1 [1, Passive, Line]
[pin_to_pin]: Pins of type Unspecified and Passive are connected
    ; warning
    @(7900 mils, 2250 mils): Symbol U6 Pin 8 [BOOT, Unspecified, Line]
    @(10500 mils, 1350 mils): Symbol C32 Pin 1 [Passive, Line]
[pin_to_pin]: Pins of type Unspecified and Passive are connected
    ; warning
    @(5100 mils, 6450 mils): Symbol U7 Pin 2 [IN-, Unspecified, Line]
    @(4500 mils, 6650 mils): Symbol R44 Pin 2 [Passive, Line]
[pin_to_pin]: Pins of type Unspecified and Passive are connected
    ; warning
    @(7900 mils, 2350 mils): Symbol U6 Pin 9 [VIN, Unspecified, Line]
    @(7500 mils, 2550 mils): Symbol C31 Pin 1 [Passive, Line]
[pin_to_pin]: Pins of type Unspecified and Passive are connected
    ; warning
    @(5100 mils, 6550 mils): Symbol U7 Pin 3 [GND, Unspecified, Line]
    @(5500 mils, 7000 mils): Symbol TP4 Pin 1 [1, Passive, Line]
[pin_to_pin]: Pins of type Unspecified and Passive are connected
    ; warning
    @(8300 mils, 1050 mils): Symbol U6 Pin 1 [VCC, Unspecified, Line]
    @(10500 mils, 1950 mils): Symbol C33 Pin 1 [Passive, Line]
[pin_to_pin]: Pins of type Unspecified and Passive are connected
    ; warning
    @(5100 mils, 6650 mils): Symbol U7 Pin 4 [VS, Unspecified, Line]
    @(6500 mils, 6350 mils): Symbol C40 Pin 1 [Passive, Line]
[pin_to_pin]: Pins of type Unspecified and Passive are connected
    ; warning
    @(8600 mils, 1050 mils): Symbol U6 Pin 21 [PGND, Unspecified, Line]
    @(9500 mils, 2250 mils): Symbol R40 Pin 2 [Passive, Line]
[pin_to_pin]: Pins of type Unspecified and Passive are connected
    ; warning
    @(5900 mils, 6350 mils): Symbol U7 Pin 8 [A1, Unspecified, Line]
    @(6000 mils, 5850 mils): Symbol TH1 Pin 2 [Passive, Line]
[pin_to_pin]: Pins of type Unspecified and Unspecified are connected
    ; warning
    @(5900 mils, 6450 mils): Symbol U7 Pin 7 [A0, Unspecified, Line]
    @(5900 mils, 6350 mils): Symbol U7 Pin 8 [A1, Unspecified, Line]
[pin_to_pin]: Pins of type Unspecified and Unspecified are connected
    ; warning
    @(8700 mils, 1050 mils): Symbol U6 Pin 20 [AGND, Unspecified, Line]
    @(8600 mils, 1050 mils): Symbol U6 Pin 21 [PGND, Unspecified, Line]
[pin_to_pin]: Pins of type Unspecified and Passive are connected
    ; warning
    @(8300 mils, 2950 mils): Symbol U6 Pin 10 [SS, Unspecified, Line]
    @(10500 mils, 4350 mils): Symbol C37 Pin 1 [Passive, Line]
[pin_to_pin]: Pins of type Unspecified and Bidirectional are connected
    ; warning
    @(5900 mils, 6550 mils): Symbol U7 Pin 6 [SDA, Unspecified, Line]
    @(4300 mils, 3200 mils): Symbol U5 Pin 6 [SDA, Bidirectional, Line]
[pin_to_pin]: Pins of type Unspecified and Input are connected
    ; warning
    @(5900 mils, 6650 mils): Symbol U7 Pin 5 [SCL, Unspecified, Line]
    @(4300 mils, 2800 mils): Symbol U5 Pin 5 [SCL, Input, Line]
[pin_to_pin]: Pins of type Unspecified and Unspecified are connected
    ; warning
    @(8700 mils, 2950 mils): Symbol U6 Pin 11 [NC, Unspecified, Line]
    @(9100 mils, 2350 mils): Symbol U6 Pin 12 [NC, Unspecified, Line]
[pin_to_pin]: Pins of type Unspecified and Passive are connected
    ; warning
    @(9100 mils, 1650 mils): Symbol U6 Pin 19 [ILIM, Unspecified, Line]
    @(9500 mils, 3150 mils): Symbol R42 Pin 1 [Passive, Line]
[pin_to_pin]: Pins of type Unspecified and Passive are connected
    ; warning
    @(9100 mils, 1750 mils): Symbol U6 Pin 18 [COMP, Unspecified, Line]
    @(9500 mils, 3750 mils): Symbol R43 Pin 1 [Passive, Line]
[pin_to_pin]: Pins of type Unspecified and Passive are connected
    ; warning
    @(9100 mils, 1850 mils): Symbol U6 Pin 17 [FB, Unspecified, Line]
    @(9500 mils, 1950 mils): Symbol R40 Pin 1 [Passive, Line]
[pin_to_pin]: Pins of type Unspecified and Passive are connected
    ; warning
    @(9100 mils, 1950 mils): Symbol U6 Pin 16 [VOUT, Unspecified, Line]
    @(9500 mils, 1350 mils): Symbol R39 Pin 1 [Passive, Line]
[pin_to_pin]: Pins of type Unspecified and Unspecified are connected
    ; warning
    @(9100 mils, 2050 mils): Symbol U6 Pin 15 [VOUT, Unspecified, Line]
    @(9100 mils, 1950 mils): Symbol U6 Pin 16 [VOUT, Unspecified, Line]
[pin_to_pin]: Pins of type Unspecified and Unspecified are connected
    ; warning
    @(9100 mils, 2150 mils): Symbol U6 Pin 14 [VOUT, Unspecified, Line]
    @(9100 mils, 2050 mils): Symbol U6 Pin 15 [VOUT, Unspecified, Line]
[pin_to_pin]: Pins of type Unspecified and Passive are connected
    ; warning
    @(9100 mils, 2350 mils): Symbol U6 Pin 12 [NC, Unspecified, Line]
    @(9500 mils, 2250 mils): Symbol R40 Pin 2 [Passive, Line]

***** Sheet /TCA9548A_Subsystem/

 ** ERC messages: 30  Errors 0  Warnings 30
